height 50
width 50
base 2 2
agents 15
steps 500
##################################################
#.#..#.#..#...#......##..#..............#....#..##
#......#...##..#....#####....#....#.#.....######.#
##..#..#...#...###...........#..#.#..#....#....###
#............###.#..##.#.............#......#..#.#
##.........................#..................#.##
#....#..#.....##..##...##..#...#.#..#........#...#
#...........#.......#.##.#....#...##...#.#..#....#
#..#...#.#.#.........####.##..........#.#.#.#....#
##.......###.#............#..#........#.....#....#
###.#...#.#..##...#.......###...#......#.....##..#
#....#....##..#.....#...........#......#....####.#
#..###.........#.##..#.#..#.........#.#..#....####
#.#.#.#.#.#..#.#..#.#.......#............#..###..#
##.........#........#.......#...#.......#.#..#...#
#.#........#..###.........#.#.#..................#
#.#.......##....#.#.....#...#....##..#...#......##
#...#....#.........#.##.#.#.#...#.....#..#.......#
##.#....#.#.#........#.#.......#.#...#...##..#..##
#..####........##............#.##.#...#..........#
#.....##.#.....###.#......#....###..#.#..#.#.....#
##..#.......##...#...#.#..........##.###.......#.#
##.#........#..#.##.#.#..........#..#....#.......#
#...##......##.#....##.##........#........#.#...##
#....#......##.#....#........#.#...##...####.....#
#.........##...#...#.......###....#..###.........#
#...........#..#........#.#.#.##.#...............#
##..#...#....#........####.#........#..#.........#
#........##....#...###.#.......#......##.....#..##
#.###...#.#...#.###.#...........#...#.....#.#....#
##...#.....#..#.###........##.#....##.##.#.##....#
#...............#.....##.#...##..#..#............#
##...#...##...#.#..........#....##...#....##.....#
##.#..#..........#...#.#.......#####.##....#.....#
#....#.....##..#......#...#.#...........#.....#..#
#......####..#...###....#.....................#..#
#......#.#..............#.#..#..#.#.#............#
#..#...##.#..#.#..#.........#...#.......#..###.#.#
##.......####...#.........#.#....#........#....#.#
##...#...............###.#.##..#......#.#......#.#
#.......#.....###...#.........#.....#..#.....##.##
#..##.#..####.###.#.#....#.#.....#...#....#..#...#
#.....#.....#.....#...#..........#...#.........###
#.....##...##..##...#...#.##.#...........#.#...#.#
#...#.#.#.........#...#...##.#.........#...###...#
#.....#.#...........#....#.............#....#.#..#
#.............##......#.....#.#...#..............#
##...#.#............###.#.#..#.#...#......#..#.###
#..#......#....##.#..##....#..#..##....#.###...###
##################################################
