height 86
width 88
base 2 2
agents 30
steps 1000
@@@@@@@@@@@@@@@@@@@@@@@@@@@@@@@@@@@@@@@@@@@@@@@@@@@@@@@@@@@@@@@@@@@@@@@@@@@@@@@@@@@@@@@@
@........@............@........@........@.................@..............@.............@
@........@............@........@........@.................@..............@.............@
@........@............@........@........@.................@..............@........@@@@@@
@........@............@........@........@.................@............................@
@........@............@........@........@..............................................@
@@@@@....@@@@@@@@@....@...@@@@@@@@@@@...@....@@@@@@@@@@@@@@@@@@@@@@@@@@@@@@@...........@
@................@................................................@....................@
@................@.............................@..................@....................@
@................@.............................@..................@....................@
@................@.............................@..................@....................@
@..............................................@..................@....................@
@..............................................@@@@@@@@@@@@@@@@@@@@@@@@@@@@@@@@@@@@@@@@@
@@@@@@@@@@@@@@@@@@.....................................................................@
@......................................................................................@
@......................................................................................@
@................@.............................@.......................................@
@................@.............................@.......................................@
@@@@@@@@@@@@@@@@@@........@@@@@@@@@@@@.........@.......................................@
@.........................@..........@.........@.......................................@
@.........................@..........@.........@@@@@@@@@@@@@@@@@@@@@@@@@@@@@@@@@@@@@@@@@
@................@........@............................................................@
@................@........@............................................................@
@................@........@....................@.......................................@
@................@........@..........@.........@.......................................@
@@@@@@@@@@@@@@@@@@........@..........@.........@.......................................@
@.........................@..........@.........@.......................................@
@.........................@..........@.........@.......................................@
@................@........@@@@@@@@@@@@.........@@@@@@@@@@@@@@@@@@@@@@@@@@@@@@@@@@@@@@@@@
@................@........@..........@.................................................@
@................@........@..........@.................................................@
@................@........@..........@.........@.......................................@
@@@@@@@@@@@@@@@@@@........@..........@.........@.......................................@
@................@........@..........@.........@.......................................@
@................@........@..........@.........@.......................................@
@................@........@..........@.........@.......................................@
@................@........@..........@.........@@@@@@@@@@@@@@@@@@@@@@@@@@@@@@@@@@@@@@@@@
@................@........@..........@.................................................@
@........@@@.....@........@..........@.................................................@
@........@...........................@.................................................@
@........@...........................@.........@.......................................@
@@@@@@@@@@@@@@@@@@...................@.........@.......................................@
@................@...................@.........@.......................................@
@................@...................@.........@.......................................@
@................@........@..........@.........@.......................................@
@................@........@..........@.........@@@@@@@@@@@@@@@@@@@@@@@@@@@@@@@@@@@@@@@@@
@.........@@@....@........@..........@.........@.......................................@
@.........@...............@..........@.........@.......................................@
@.........@...............@..........@.................................................@
@@@@@@@@@@@@@@@@@@........@..........@.................................................@
@.........................@..........@.........@.......................................@
@.........................@..........@.........@.......................................@
@................@........@@@@@@@@@@@@.........@.......................................@
@................@........@..........@.........@.......................................@
@................@........@..........@.........@@@@@@@@@@@@@@@@@@@@@@@@@@@@@@@@@@@@@@@@@
@................@........@..........@..............................@..................@
@................@........@..........@..............................@..................@
@................@........@.........................................@..................@
@................@........@.........................................@..................@
@@@@@@@@@@@@@@@@@@........@....................@....................@..................@
@.........................@....................@....................@..................@
@.........................@..........@.........@....................@..................@
@................@........@..........@.........@....................@..................@
@................@........@..........@.........@....................@..................@
@................@........@@@@@@@@@@@@.........@....................@..................@
@................@.............................@@@@@@@@@@@@@@@@@@@@@@@@@@@@.......@@@@@@
@................@.............................@............@..........................@
@................@.............................@............@..........................@
@................@.............................@............@..........................@
@................@.............................@............@..........................@
@................@.............................@@@@@....@@@@@@@@@@@@@@@@.........@@@@@@@
@@@@@@@@@@@@@@@@@@.....................................................................@
@................@.....................................................................@
@................@.....................................................................@
@................@.....................................................................@
@................@.....................................................................@
@................@.....................................................................@
@......................................................................................@
@@@@@@@@@@@@@@@@@@@@@@@@@@.....@@@@@@@@@@@.....@@@@@@@@@@@.......@@@@@@................@
@..............................@...............@.................@.....................@
@..............................@...............@.................@.....................@
@..............................@...............@.................@.....................@
@..............................@...............@.................@.....................@
@..............................@...............@.................@.....................@
@..............................@...............@.................@.....................@
@@@@@@@@@@@@@@@@@@@@@@@@@@@@@@@@@@@@@@@@@@@@@@@@@@@@@@@@@@@@@@@@@@@@@@@@@@@@@@@@@@@@@@@@
