height 100
width 100
base 2 97
agents 30
steps 1000
@@@@@@@@@@@@@@@@@@@@@@@@@@@@@@@@@@@@@@@@@@@@@@@@@@@@@@@@@@@@@@@@@@@@@@@@@@@@@@@@@@@@@@@@@@@@@@@@@@@@
@.................................................................@................................@
@.................................................................@................................@
@.................................................................@................................@
@.................................................................@................................@
@.................................................................@.............@@@@...............@
@......................................................@..........@.............@@@@...............@
@.....................................................@@@.........@.............@@@@...............@
@............................@@@@...................@@@@@@@.......@@@@@@@@@@@@@@@@@@...............@
@.........................@@@@@@@@@@@..........@@@@@@@@@..........@................................@
@...........................@@@@@@@@@@@@@..........@@@@@@.........@................................@
@.............................@@@@@@@@@@..............@@@@.........................................@
@......@@@.....................@@@@@@@@@...........@@@@@@..........................................@
@......@@@......................@@@@@@@@........@@@@@@@@..............................@@@@@@...@@@@@
@........@........................@@@@@.............@@@@@.........@...................@............@
@......@@@.........................@@@............................@@@@@@@@@@@@@@@@@@@@@............@
@......@@@.................@@@.....@@.............................@..........@.....................@
@..........................@@@.....@@..............@@.............@..........@.....................@
@...........................@@...................@@@@@.......................@.....................@
@..........................@@.....................@@@........................@.....................@
@...........................@......@@@.............@@........................@.....................@
@.................................@@@@@...........................@..........@.....................@
@..................................@@@@...........................@..........@.....................@
@.................................................................@..........@.....................@
@...........................................@@@@..................@..........@.....................@
@............................@@@.........@@@@@@@@@................@..........@.....................@
@...........................@@@@@.....@@@@@@@@@@@..............@@@@..........@.........@@@@........@
@..............@@............@@@.......@@@@@@@@@@...........@@@@@@@..........@.........@@@@........@
@..............@@.............@@.........@@@@@@@@.........@@@@@@@@@..........@.........@@@@........@
@..............@@..............@@..........@@@@@@@............@@@@@..........@.........@@@@........@
@..............@@...............@...........@@@@@................@@..........@............@@@@@@@@@@
@...........................................@@@@..................@..........@............@........@
@...........................................@@@........@@@........@..........@............@........@
@...........................................@@.......@@@@@@@@.....@..........@............@........@
@.....................................................@@@@@.......@..........@@@@@@@@@@@@@@........@
@......................................................@@@@.......@................................@
@.................................@@@...................@@........@................................@
@................................@@@@@..................@.........@................................@
@..............................@@@@@@@@...........................@................................@
@...............................@@@@@@@@..........................@................................@
@........@@@@@@.................@@@...@@@@........................@................................@
@........@@@@@@................@@......@@@@...............@.......@@@@@@@@@@@@@@@@@@@........@@@@@@@
@...............................@.........@@..........@@@@@.......@..............@@@@..............@
@..................................................@@@@@@@@@......@..............@@@@..............@
@...............................................@@@@@@@@@@@@......@................................@
@.....................................................@@@@........@................................@
@.....................................................@@..........@................................@
@...................................................................................@@@@@@@........@
@.......................................@@@@@@@@@@..................................@@@@@@@........@
@..................................@@@@@@@@@@@@@@@@@@@..............................@@@@@@@........@
@.........@@@@@@......................@@@@@@@@@@@@@@@@@.............................@@@@@@@........@
@.........@@............................@@@@@@@@@@@@@@..............................@@@@@@@........@
@.........@@..............@@@.............@@@@@@@@@@@.............@................................@
@.........@@............@@@@@................@@@@@@@..............@................................@
@.........................@@......................................@................................@
@..........................@@.....................................@................................@
@..........................@@.....................................@................................@
@.........................@@@.....................................@@@@@@@@@@@@@@@@@@@@@@@@@@@@@....@
@.........................@@......................................@................................@
@......................................@@@@.......................@................................@
@@@@@...............................@@@@@@@@......................@................................@
@@@@@..................................@@@@@@@@....@@.............@................................@
@....................................@@@@@@@......@@@@@...........@................................@
@.......................................@@@@.......@@@@...........@..................@.............@
@......................................@@@@..........@@...........@..................@.............@
@.......................................@@@@.........................................@.............@
@........................................@@@.........................................@.............@
@........................................@@..........................................@.............@
@.........................................@.......................@@@@@@@@@@@@@@@@@@@@@@@@@@@@@@@@@@
@............@..................@@@@@@@@..........................@................................@
@............@...............@@@@@@@@@@...........................@................................@
@............@@@................@@@@@@@@................@.........@................................@
@............@@@..................@@@@@.................@@........@................................@
@...................................@@@..............@@@@@........@................................@
@..................................@@@.............@@@@@@..........................................@
@...................................................@@@@@@@........................................@
@..................................................................................................@
@..................................................................................................@
@.........@@......................................................@..................@@@@@@@@@@@@@@@
@.........@@..........................@@@@@@......................@..................@........@@@@@@
@.........@@.......................@@@@@@@@@@.....................@..................@........@@@@@@
@.........@@.........................@@@@@@.......................@..................@........@@@@@@
@.........@@..........................@@@@@.......................@..................@.............@
@.....................................@@@@@.......................@..................@.............@
@.......................................@@@.......................@................................@
@.................................................................@@@@@@...........................@
@........................................................@@@@.....@................................@
@................................@@@@..............@@@@@@@........@..................@.............@
@............................@@@@@@@@@@...........@@@@@...........@..................@.............@
@.........................@@@@@@@@@@@............@@@@.............@..................@.............@
@........................@@@@@@@@@..................@@@@..........@..................@.............@
@.......................@@@@..........................@@@@........@..................@.............@
@........@@..............@@............................@@.........@..................@.............@
@........@@@@.............@.............................@@........@..................@.............@
@.................................................................@..................@.............@
@........................................@@@@.....................@..................@.............@
@......................................@@@@@@@...................@@..................@@@@@@........@
@..................................@@@@@@@@@...................@@@@..................@@@@@@........@
@................................@@@@@@@@@@@.................@@@@@@..................@@@@@@........@
@@@@@@@@@@@@@@@@@@@@@@@@@@@@@@@@@@@@@@@@@@@@@@@@@@@@@@@@@@@@@@@@@@@@@@@@@@@@@@@@@@@@@@@@@@@@@@@@@@@@
