height 100
width 100
base 2 2
agents 100
steps 1000
@@@@@@@@@@@@@@@@@@@@@@@@@@@@@@@@@@@@@@@@@@@@@@@@@@@@@@@@@@@@@@@@@@@@@@@@@@@@@@@@@@@@@@@@@@@@@@@@@@@@
@................................@.................................................................@
@................................@.................................................................@
@................................@.................................................................@
@................................@.................................................................@
@...............@@@@.............@.................................................................@
@...............@@@@.............@..........@......................................................@
@...............@@@@.............@.........@@@.....................................................@
@...............@@@@@@@@@@@@@@@@@@.......@@@@@@@...................@@@@............................@
@................................@..........@@@@@@@@@..........@@@@@@@@@@@.........................@
@................................@.........@@@@@@..........@@@@@@@@@@@@@...........................@
@.........................................@@@@..............@@@@@@@@@@.............................@
@..........................................@@@@@@...........@@@@@@@@@.....................@@@......@
@@@@@...@@@@@@..............................@@@@@@@@........@@@@@@@@......................@@@......@
@............@...................@.........@@@@@.............@@@@@........................@........@
@............@@@@@@@@@@@@@@@@@@@@@............................@@@.........................@@@......@
@.....................@..........@.............................@@.....@@@.................@@@......@
@.....................@..........@.............@@..............@@.....@@@..........................@
@.....................@.......................@@@@@...................@@...........................@
@.....................@........................@@@.....................@@..........................@
@.....................@........................@@.............@@@......@...........................@
@.....................@..........@...........................@@@@@.................................@
@.....................@..........@...........................@@@@..................................@
@.....................@..........@.................................................................@
@.....................@..........@..................@@@@...........................................@
@.....................@..........@................@@@@@@@@@.........@@@............................@
@........@@@@.........@..........@@@@..............@@@@@@@@@@@.....@@@@@...........................@
@........@@@@.........@..........@@@@@@@...........@@@@@@@@@@.......@@@............@@..............@
@........@@@@.........@..........@@@@@@@@@.........@@@@@@@@.........@@.............@@..............@
@........@@@@.........@..........@@@@@............@@@@@@@..........@@..............@@..............@
@@@@@@@@@@............@..........@@................@@@@@...........@...............@@..............@
@........@............@..........@..................@@@@...........................................@
@........@............@..........@........@@@........@@@...........................................@
@........@............@..........@.....@@@@@@@@.......@@...........................................@
@........@@@@@@@@@@@@@@..........@.......@@@@@.....................................................@
@................................@.......@@@@......................................................@
@................................@........@@...................@@@.................................@
@................................@.........@..................@@@@@................................@
@................................@...........................@@@@@@@@..............................@
@................................@..........................@@@@@@@@...............................@
@................................@........................@@@@...@@@.................@@@@@@........@
@@@@@@@........@@@@@@@@@@@@@@@@@@@.......@...............@@@@......@@................@@@@@@........@
@..............@@@@..............@.......@@@@@..........@@.........@...............................@
@..............@@@@..............@......@@@@@@@@@..................................................@
@................................@......@@@@@@@@@@@@...............................................@
@................................@........@@@@.....................................................@
@................................@..........@@.....................................................@
@........@@@@@@@...................................................................................@
@........@@@@@@@..................................@@@@@@@@@@.......................................@
@........@@@@@@@..............................@@@@@@@@@@@@@@@@@@@..................................@
@........@@@@@@@.............................@@@@@@@@@@@@@@@@@......................@@@@@@.........@
@........@@@@@@@..............................@@@@@@@@@@@@@@............................@@.........@
@................................@.............@@@@@@@@@@@.............@@@..............@@.........@
@................................@..............@@@@@@@................@@@@@............@@.........@
@................................@......................................@@.........................@
@................................@.....................................@@..........................@
@................................@.....................................@@..........................@
@....@@@@@@@@@@@@@@@@@@@@@@@@@@@@@.....................................@@@.........................@
@................................@......................................@@.........................@
@................................@.......................@@@@......................................@
@................................@......................@@@@@@@@...............................@@@@@
@................................@.............@@....@@@@@@@@..................................@@@@@
@................................@...........@@@@@......@@@@@@@....................................@
@.............@..................@...........@@@@.......@@@@.......................................@
@.............@..................@...........@@..........@@@@......................................@
@.............@.........................................@@@@.......................................@
@.............@.........................................@@@........................................@
@.............@..........................................@@........................................@
@@@@@@@@@@@@@@@@@@@@@@@@@@@@@@@@@@.......................@.........................................@
@................................@..........................@@@@@@@@..................@............@
@................................@...........................@@@@@@@@@@...............@............@
@................................@.........@................@@@@@@@@................@@@............@
@................................@........@@.................@@@@@..................@@@............@
@................................@........@@@@@..............@@@...................................@
@..........................................@@@@@@.............@@@..................................@
@........................................@@@@@@@...................................................@
@..................................................................................................@
@..................................................................................................@
@@@@@@@@@@@@@@@..................@......................................................@@.........@
@@@@@@........@..................@......................@@@@@@..........................@@.........@
@@@@@@........@..................@.....................@@@@@@@@@@.......................@@.........@
@@@@@@........@..................@.......................@@@@@@.........................@@.........@
@.............@..................@.......................@@@@@..........................@@.........@
@.............@..................@.......................@@@@@.....................................@
@................................@.......................@@@.......................................@
@...........................@@@@@@.................................................................@
@................................@.....@@@@........................................................@
@.............@..................@........@@@@@@@..............@@@@................................@
@.............@..................@...........@@@@@...........@@@@@@@@@@............................@
@.............@..................@.............@@@@............@@@@@@@@@@@.........................@
@.............@..................@..........@@@@..................@@@@@@@@@........................@
@.............@..................@........@@@@..........................@@@@.......................@
@.............@..................@.........@@............................@@..............@@........@
@.............@..................@........@@.............................@.............@@@@........@
@.............@..................@.................................................................@
@.............@..................@.....................@@@@........................................@
@........@@@@@@..................@@...................@@@@@@@......................................@
@........@@@@@@..................@@@@...................@@@@@@@@@..................................@
@........@@@@@@..................@@@@@@.................@@@@@@@@@@@................................@
@@@@@@@@@@@@@@@@@@@@@@@@@@@@@@@@@@@@@@@@@@@@@@@@@@@@@@@@@@@@@@@@@@@@@@@@@@@@@@@@@@@@@@@@@@@@@@@@@@@@
