height 200
width 200
base 3 60
agents 50
steps 1000
########################################################################################################################################################################################################
#########################################################.......########################################################################################################################################
########################################################........................########################################################################################################################
########################################################....................................############################################################################################################
########################################################.....................................................###########################################################################################
########################################################.....####............................................................###########################################################################
########################################################....######...........................................................................###########################################################
#######################################################.....######........#########...................................................................##################################################
#######################################################.....######......##########################.....................................................#################################################
#######################################################.....######.....###########################.....#...............................................#################################################
#######################################################.....######.....############################...############.....................................#################################################
#######################################################.....#####......############################...#############....................................#################################################
########################################################....#####......############################...#############...................................##################################################
#########################################################....###........###########################...##############..................................##################################################
###########################################################..##............########################...##############..................................##################################################
#################################################################..................################...###############.................................##################################################
##########################################################################...........#############....###############.................................##################################################
#################################################################################....###########......###############.................................##################################################
###########################################################################################.............############..................................##################################################
##############################################################################################..............##...##...................................##################################################
##############################################################################################################.................#####..................##################################################
#################################################################################################################.............#######.................##################################################
####################################################################################################################..........########................##################################################
#######################################################################################################################.......########................##################################################
########################################################################################################################......########................##################################################
########################################################################################################################.......#######................##################################################
########################################################################################################################........#####.................##################################################
#########################################################################################################################.............................##################################################
#########################################################################################################################............................###################################################
#########################################################################################################################............................###################################################
#########################################################################################################################......###...................###################################################
#########################################################################################################################.....#####..................###################################################
#########################################################################################################################.....######.................###################################################
#########################################################################################################################....########................###################################################
#########################################################################################################################....########................###################################################
#########################################################################################################################....########................###################################################
#########################################################################################################################....#######.................###################################################
#########################################################################################################################.....#####..................###################################################
########################################################################################################################.............................###################################################
########################################################################################################################.............................###################################################
########################################################################################################################.........#..................####################################################
########################################################################################################################.......####.................####################################################
########################################################################################################################......######................####################################################
########################################################################################################################.....#######................####################################################
########################################################################################################################.....#######................####################################################
########################################################################################################################.....#######................####################################################
########################################################################################################################.....#######................####################################################
########################################################################################################################......#####.................####################################################
########################################################################################################################............................####################################################
########################################################################################################################............................####################################################
#######################################################################################################################.............................####################################################
#######################################################################################################################.......###...................####################################################
#######################################################################################################################......#####..................####################################################
#######################################################################################################################......######.................####################################################
#######################################################################################################################......######.................####################################################
#######################################################################################################################......######.................####################################################
#######################################################################################################################......######.................####################################################
#######################################################################################################################.......#####................#####################################################
#######################################################################################################################........###.................#####################################################
########################################################################################################################...........................#####################################################
########################################################################################################################.......##..................#####################################################
########################################################################################################################.....#####.................#####################################################
########################################################################################################################....######.................#####################################################
########################################################################################################################....######.................#####################################################
########################################################################################################################....#######................#####################################################
########################################################################################################################....#######................#####################################################
#######################################################################################################################.....#######................#####################################################
#######################################################################################################################.....######.................#####################################################
#######################################################################################################################......####..................#####################################################
#######################################################################################################################............................#####################################################
#######################################################################################################################............................#####################################################
######################################################################################################################.............................#####################################################
######################################################################################################################.............................#####################################################
#####################################################################################################################.............................######################################################
#####################################################################################################################.............................######################################################
##############################################################.....................##################################.............................######################################################
#############################################################................................#######################..............................######################################################
############################################################........................................###############...............................######################################################
###########################################################................................................#######................................######################################################
#########################################################.........................................................................................######################################################
########################################################..........................................................................................######################################################
#######################################################...........................................................................................######################################################
######################################################............................................................................................######################################################
######################################################...........................................................................................#######################################################
#####################################################.............#####................................................................#################################################################
#####################################################...........##########............................................................##################################################################
#####################################################..........############............................................................#################################################################
#####################################################..........#############...........................................................#################################################################
####################################################..........###############..........................................................#################################################################
####################################################..........###############..........................................................#################################################################
####################################################.........#################.........................................................#################################################################
####################################################.........#################.........................................................#################################################################
####################################################.........#################.........................................................#################################################################
####################################################........##################.........................................................#################################################################
###################################################.........##################.........................................................#################################################################
###################################################.........##################.........................................................#################################################################
###################################################.........##################.........................................................#################################################################
###################################################.........##################........................................................##################################################################
###################################################.........##################........................................................##################################################################
####################################################........##################........................................................##################################################################
####################################################........##################........................................................##################################################################
####################################################........##################........................................................##################################################################
####################################################........##################........................................................##################################################################
###################################################.........##################.......................................................###################################################################
###################################################.........#################........................................................###################################################################
####################################################........#################........................................................###################################################################
#####################################################........###############.........................................................###################################################################
#####################################################.........##############.........................................................###################################################################
######################################################.........############..........................................................###################################################################
######################################################...........#########...........................................................###################################################################
#######################################################...........#######............................................................###################################################################
#######################################################..............................................................................###################################################################
########################################################.............................................................................###################################################################
#########################################################............................................................................###################################################################
##########################################################...........................................................................###################################################################
###########################################################..........................................................................###################################################################
############################################################.........................................................................###################################################################
#############################################################........................................................................###################################################################
################################################################.....................................................................###################################################################
##################################################################...................................................................###################################################################
#########################################################################.............................................................##################################################################
###############################################################################.............................................................############################################################
##########################################################################################....................................................##########################################################
##############################################################################################.................................................#########################################################
###############################################################################################................................................#########################################################
################################################################################################...............................................#########################################################
#################################################################################################..............................................#########################################################
##################################################################################################.............................................#########################################################
##################################################################################################......######.................................#########################################################
###################################################################################################....#############...........................#########################################################
###################################################################################################....##############..........................#########################################################
###################################################################################################....##############..........................#########################################################
###################################################################################################....###############.........................#########################################################
####################################################################################################...###############...###...................#########################################################
####################################################################################################...###############..#####.................##########################################################
####################################################################################################...#######################................##########################################################
####################################################################################################....######################................##########################################################
#####################################################################################################......###########.#######................##########################################################
######################################################################################################.............#...#######................##########################################################
#######################################################################################################.................######................##########################################################
########################################################################################################.................####.................##########################################################
##########################################################################################################....................................##########################################################
#############################################################################################################.................................##########################################################
###############################################################################################################...............................##########################################################
################################################################################################################........####..................##########################################################
#################################################################################################################......######.................##########################################################
#################################################################################################################......#######................##########################################################
#################################################################################################################......#######................##########################################################
#################################################################################################################.......#####.................##########################################################
#################################################################################################################........###..................##########################################################
################################################################################################################.............................###########################################################
################################################################################################################.............................###########################################################
################################################################################################################.............................###########################################################
################################################################################################################.............................###########################################################
################################################################################################################........#....................###########################################################
################################################################################################################........####.................###########################################################
################################################################################################################......#######................###########################################################
################################################################################################################.......#######...............###########################################################
################################################################################################################.......#######...............###########################################################
################################################################################################################.......######................###########################################################
################################################################################################################........####.................###########################################################
################################################################################################################.............................###########################################################
################################################################################################################.............................###########################################################
################################################################################################################............................############################################################
################################################################################################################............................############################################################
###############################################################################################################.............................############################################################
###############################################################################################################.............................############################################################
###############################################################################################################.............................############################################################
###############################################################################################################.............................############################################################
###############################################################################################################.............................############################################################
###############################################################################################################.............................############################################################
###############################################################################################################.............................############################################################
###############################################################################################################.............................############################################################
##############################################################################################################..............................############################################################
##############################################################################################################..............................############################################################
##############################################################################################################..............................############################################################
###############################################################################################################.............................############################################################
###############################################################################################################.............................############################################################
##################################################..........###################################################.............................############################################################
################################################........................#######################################............................#############################################################
##############################################.................................###############################.............................#############################################################
#############################################........................................########################..............................#############################################################
#############################################..............................................................................................#############################################################
############################################...............................................................................................#############################################################
############################################...............................................................................................#############################################################
############################################...............................................................................................#############################################################
############################################...............................................................................................#############################################################
############################################...............................................................................................#############################################################
############################################...............................................................................................#############################################################
############################################...............................................................................................#############################################################
############################################...............................................................................................#############################################################
###########################################................................................................................................#############################################################
############################################...............................................................................................#############################################################
###################################################........................................................................................#############################################################
###################################################################........................................................................#############################################################
###################################################################################.......................................................##############################################################
###################################################################################################.......................................##############################################################
################################################################################################################..........................##############################################################
################################################################################################################################.........###############################################################
########################################################################################################################################################################################################
