height 31
width 31
base 2 2
agents 10
steps 300
@@@@@@@@@@@@@@@@@@@@@@@@@@@@@@@
@.............................@
@.............................@
@.............................@
@.............................@
@....@@@@@@@@@@@@@@@@@@@@@....@
@....@.........@.........@....@
@....@.........@.........@....@
@....@.........@.........@....@
@....@...@@@@..@..@@@@...@....@
@....@...@.....@.....@...@....@
@....@...@.....@.....@...@....@
@....@...@.....@.....@...@....@
@....@...@...@@@@@...@...@....@
@........@...@...@...@........@
@........@...........@........@
@........@...@...@...@........@
@....@...@...@@@@@...@...@....@
@....@...@.....@.....@...@....@
@....@...@.....@.....@...@....@
@....@...@.....@.....@...@....@
@....@...@@@@..@..@@@@...@....@
@....@.........@.........@....@
@....@.........@.........@....@
@....@.........@.........@....@
@....@@@@@@@@@@@@@@@@@@@@@....@
@.............................@
@.............................@
@.............................@
@.............................@
@@@@@@@@@@@@@@@@@@@@@@@@@@@@@@@
