height 41
width 41
base 2 2
agents 5
@@@@@@@@@@@@@@@@@@@@@@@@@@@@@@@@@@@@@@@@@
@.......................................@
@.......................................@
@.......................................@
@.......................................@
@....@@@@@@@@@@@@@@@@@@@@@@@@@@@@@@@....@
@....@..............@..............@....@
@....@..............@..............@....@
@....@..............@..............@....@
@....@..............@..............@....@
@....@....@@@@@@@@..@..@@@@@@@@....@....@
@....@....@.........@.........@....@....@
@....@....@.........@.........@....@....@
@....@....@.........@.........@....@....@
@....@....@.........@.........@....@....@
@....@....@....@@@@@@@@@@@....@....@....@
@....@....@....@....@....@....@....@....@
@....@....@....@....@....@....@....@....@
@....@....@....@....@....@....@....@....@
@.........@.........@.........@.........@
@.........@...................@.........@
@.........@.........@.........@.........@
@....@....@....@....@....@....@....@....@
@....@....@....@....@....@....@....@....@
@....@....@....@....@....@....@....@....@
@....@....@....@@@@@@@@@@@....@....@....@
@....@....@.........@.........@....@....@
@....@....@.........@.........@....@....@
@....@....@.........@.........@....@....@
@....@....@.........@.........@....@....@
@....@....@@@@@@@@..@..@@@@@@@@....@....@
@....@..............@..............@....@
@....@..............@..............@....@
@....@..............@..............@....@
@....@..............@..............@....@
@....@@@@@@@@@@@@@@@@@@@@@@@@@@@@@@@....@
@.......................................@
@.......................................@
@.......................................@
@.......................................@
@@@@@@@@@@@@@@@@@@@@@@@@@@@@@@@@@@@@@@@@@
